// Jest Snapshot v1, https://goo.gl/fbAQLP

exports[`Storyshots Button Default 1`] = `
<button
  disabled={false}
  onClick={[Function]}
  tabIndex={0}
  type="button"
>
  CIRCLE CI DEPLOY
</button>
`;

exports[`Storyshots Button Toggle Button 1`] = `
<button
  aria-label="example label"
  disabled={false}
  name="Example"
  onClick={[Function]}
  tabIndex={0}
  type="button"
>
  Basic Log Button
</button>
`;
